Regridding GRA2PES data from base (Lambert Conical Conformal) to regridded (Lat/Lon)
Git hash of this regrid = ac749fdf56e9fab561f9a13edee9ae70486b865d
Starting regrid at 1730765261.7570875
Saving regridded data to /uufs/chpc.utah.edu/common/home/lin-group9/agm/inventories/GRA2PES_2/regridded0.025x0.025
Years: [2021]
Months: [1]
Day types: ['satdy']
Sectors: ['AG', 'AVIATION']
Specs: ['CO2', 'CO', 'HC01']
Extra ids: methane
Pre processes:  sum_on_dim zlevel
Post processes:  slice_extent {'lon_min': -113, 'lon_max': -111, 'lat_min': 40, 'lat_max': 42}


Regridding AG for 2021-1 satdy
Found 13Tb free space
Error at 1730765261.7735627
Traceback (most recent call last):
  File "/uufs/chpc.utah.edu/common/home/u0890904/LAIR_1/atmos/inventories/gra2pes/gra2pes_regrid.py", line 107, in main
    load_regrid_save(BGH,gra2pes_regridder,sector,year,month,day_type,pre_processes=pre_processes,post_processes=post_processes)
  File "/uufs/chpc.utah.edu/common/home/u0890904/LAIR_1/atmos/inventories/gra2pes/gra2pes_regrid.py", line 24, in load_regrid_save
    raise ValueError(f"Regridded dataset {full_save_path} already exists, you may end up overwriting data")
ValueError: Regridded dataset /uufs/chpc.utah.edu/common/home/lin-group9/agm/inventories/GRA2PES_2/regridded0.025x0.025/2021/01/satdy/AG_regridded.nc already exists, you may end up overwriting data

During handling of the above exception, another exception occurred:

Traceback (most recent call last):
  File "/uufs/chpc.utah.edu/common/home/u0890904/LAIR_1/atmos/inventories/gra2pes/gra2pes_regrid.py", line 141, in <module>
    main()
  File "/uufs/chpc.utah.edu/common/home/u0890904/LAIR_1/atmos/inventories/gra2pes/gra2pes_regrid.py", line 110, in main
    raise Exception(e)
Exception: Regridded dataset /uufs/chpc.utah.edu/common/home/lin-group9/agm/inventories/GRA2PES_2/regridded0.025x0.025/2021/01/satdy/AG_regridded.nc already exists, you may end up overwriting data
sed: can't read ./slurm/logs/csl_regrid_13496824.out: No such file or directory
Copying log file to /details
cp: cannot stat './slurm/logs/csl_regrid_13496824.out': No such file or directory
